// Jest Snapshot v1, https://goo.gl/fbAQLP

exports[`App Component should match snapshot 1`] = `
<styled.div>
  <Header />
  <Main />
</styled.div>
`;
